rm '.gitignore'
rm 'Procfile'
rm 'RAILWAY/start-report.sh'
rm 'README.md'
rm 'ffmwr/calculate/coaching_efficiency.py'
rm 'ffmwr/calculate/metrics.py'
rm 'ffmwr/calculate/playoff_probabilities.py'
rm 'ffmwr/calculate/points_by_position.py'
rm 'ffmwr/calculate/season_averages.py'
rm 'ffmwr/dao/platforms/base/platform.py'
rm 'ffmwr/dao/platforms/base/position_mapping.json'
rm 'ffmwr/dao/platforms/cbs.py'
rm 'ffmwr/dao/platforms/espn.py'
rm 'ffmwr/dao/platforms/fleaflicker.py'
rm 'ffmwr/dao/platforms/sleeper.py'
rm 'ffmwr/dao/platforms/yahoo.py'
rm 'ffmwr/features/bad_boy.py'
rm 'ffmwr/features/base/feature.py'
rm 'ffmwr/features/beef.py'
rm 'ffmwr/features/high_roller.py'
rm 'ffmwr/integrations/base/integration.py'
rm 'ffmwr/integrations/discord.py'
rm 'ffmwr/integrations/drive.py'
rm 'ffmwr/integrations/groupme.py'
rm 'ffmwr/integrations/slack.py'
rm 'ffmwr/models/base/model.py'
rm 'ffmwr/report/builder.py'
rm 'ffmwr/report/data.py'
rm 'ffmwr/report/pdf/charts/bar.py'
rm 'ffmwr/report/pdf/charts/line.py'
rm 'ffmwr/report/pdf/charts/pie.py'
rm 'ffmwr/report/pdf/generator.py'
rm 'ffmwr/utilities/__pycache__/constants.cpython-311.pyc'
rm 'ffmwr/utilities/__pycache__/logger.cpython-311.pyc'
rm 'ffmwr/utilities/__pycache__/settings.cpython-311.pyc'
rm 'ffmwr/utilities/__pycache__/utils.cpython-311.pyc'
rm 'ffmwr/utilities/app.py'
rm 'ffmwr/utilities/constants.py'
rm 'ffmwr/utilities/logger.py'
rm 'ffmwr/utilities/settings.py'
rm 'ffmwr/utilities/utils.py'
rm 'main.py'
rm 'nixpacks.toml'
rm 'railway.json'
rm 'requirements.txt'
rm 'resources/documentation/README.md'
rm 'resources/documentation/descriptions.py'
rm 'resources/files/crime_categories.json'
rm 'resources/files/example_report.pdf'
rm 'resources/fonts/LeagueGothicItalic.ttf'
rm 'resources/fonts/LeagueGothicRegular.ttf'
rm 'resources/fonts/OpenSansEmoji.ttf'
rm 'resources/fonts/SketchCollege.ttf'
rm 'resources/fonts/Symbola.ttf'
rm 'resources/images/beef-half.png'
rm 'resources/images/beef.png'
rm 'resources/images/cbs-fantasy-football-league-id-location.png'
rm 'resources/images/cow.png'
rm 'resources/images/docker-file-sharing.png'
rm 'resources/images/docker-settings.png'
rm 'resources/images/donate-bitcoin-qr.png'
rm 'resources/images/donate-bitcoin.png'
rm 'resources/images/donate-ethereum-qr.png'
rm 'resources/images/donate-ethereum.png'
rm 'resources/images/donate-paypal-qr.png'
rm 'resources/images/donate-paypal.png'
rm 'resources/images/donate.png'
rm 'resources/images/espn-fantasy-football-league-id-location.png'
rm 'resources/images/fleaflicker-fantasy-football-league-id-location.png'
rm 'resources/images/football.png'
rm 'resources/images/photo-not-available.png'
rm 'resources/images/sleeper-fantasy-football-league-id-location.png'
rm 'resources/images/yahoo-fantasy-football-league-id-location.png'
rm 'resources/reportlab_template.py'
warning: in the working copy of '.gitignore', LF will be replaced by CRLF the next time Git touches it
warning: in the working copy of 'RAILWAY/start-report.sh', LF will be replaced by CRLF the next time Git touches it
warning: in the working copy of 'README.md', LF will be replaced by CRLF the next time Git touches it
warning: in the working copy of 'git_cleanup.log', LF will be replaced by CRLF the next time Git touches it
warning: in the working copy of 'nixpacks.toml', LF will be replaced by CRLF the next time Git touches it
